Drill report for Starbie PCB board.kicad_pcb
Created on 2026-10-09T20:19:12

Copper Layer Stackup:
    =============================================================
    L1 :  F.Cu                      front
    L2 :  B.Cu                      back


Drill file 'Starbie PCB board-PTH-drl.gbr' contains
    plated through holes:
    =============================================================
    T1  0.700mm  0.0276"  (2 holes))
    T2  0.800mm  0.0315"  (4 holes))
    T3  0.889mm  0.0350"  (14 holes))
    T4  1.000mm  0.0394"  (12 holes))
    T5  1.500mm  0.0591"  (4 holes))

    Total plated holes count 36


Drill file 'Starbie PCB board-NPTH-drl.gbr' contains
    unplated through holes:
    =============================================================
    T1  1.700mm  0.0669"  (4 holes))
    T2  2.900mm  0.1142"  (4 holes)  (with 4 slots)
    T3  4.000mm  0.1575"  (2 holes))

    Total unplated holes count 10
